15:50:42 **** Incremental Build of configuration Debug for project ARD_FC ****
make -j16 all 
arm-none-eabi-gcc "../Core/Src/main.c" -mcpu=cortex-m4 -std=gnu11 -g3 -DDEBUG -DUSE_HAL_DRIVER -DSTM32F401xC -c -I../Core/Inc -I../Drivers/STM32F4xx_HAL_Driver/Inc -I../Drivers/STM32F4xx_HAL_Driver/Inc/Legacy -I../Drivers/CMSIS/Device/ST/STM32F4xx/Include -I../Drivers/CMSIS/Include -O0 -ffunction-sections -fdata-sections -Wall -fstack-usage -fcyclomatic-complexity -MMD -MP -MF"Core/Src/main.d" -MT"Core/Src/main.o" --specs=nano.specs -mfpu=fpv4-sp-d16 -mfloat-abi=hard -mthumb -o "Core/Src/main.o"
arm-none-eabi-gcc -o "ARD_FC.elf" @"objects.list"   -mcpu=cortex-m4 -T"C:\Projects\STM32F\ARD\ARD_FC\STM32F401CBUX_FLASH.ld" --specs=nosys.specs -Wl,-Map="ARD_FC.map" -Wl,--gc-sections -static --specs=nano.specs -mfpu=fpv4-sp-d16 -mfloat-abi=hard -mthumb -Wl,--start-group -lc -lm -Wl,--end-group
Finished building target: ARD_FC.elf
 
arm-none-eabi-size  ARD_FC.elf 
arm-none-eabi-objdump -h -S ARD_FC.elf  > "ARD_FC.list"
   text	   data	    bss	    dec	    hex	filename
  13180	     12	   1788	  14980	   3a84	ARD_FC.elf
Finished building: default.size.stdout
 
Finished building: ARD_FC.list
 

15:50:45 Build Finished. 0 errors, 0 warnings. (took 2s.877ms)

